---
source: src/day9.rs
expression: sequences
---
[
    [
        1,
        3,
        6,
        10,
        15,
        21,
    ],
    [
        2,
        3,
        4,
        5,
        6,
    ],
    [
        1,
        1,
        1,
        1,
    ],
    [
        0,
        0,
        0,
    ],
]
