---
source: src/day9.rs
expression: sequences
---
[
    [
        0,
        3,
        6,
        9,
        12,
        15,
    ],
    [
        3,
        3,
        3,
        3,
        3,
    ],
    [
        0,
        0,
        0,
        0,
    ],
]
